{
  "Error": null,
  "Status": 2,
  "FavouriteItems": [

  ]
}
