{
  "Error": null,
  "Status": 2,
  "CityInfoList": [
    {
      "AreaGroupId": 3,
      "FullName": "РОСТАШИ, АРКАДАКСКИЙ РАЙОН",
      "Id": 16751,
      "Name": "РОСТАШИ",
      "ParentId": 16746,
      "ParentName": "АРКАДАКСКИЙ РАЙОН"
    },
    {
      "AreaGroupId": 3,
      "FullName": "РОСТИЛОВО, ГРЯЗОВЕЦКИЙ РАЙОН",
      "Id": 2146,
      "Name": "РОСТИЛОВО",
      "ParentId": 2144,
      "ParentName": "ГРЯЗОВЕЦКИЙ РАЙОН"
    },
    {
      "AreaGroupId": 3,
      "FullName": "РОСТОВ, ЯРОСЛАВСКАЯ ОБЛАСТЬ",
      "Id": 927,
      "Name": "РОСТОВ",
      "ParentId": 798,
      "ParentName": "ЯРОСЛАВСКАЯ ОБЛАСТЬ"
    },
    {
      "AreaGroupId": 3,
      "FullName": "РОСТОВАНОВСКОЕ, КУРСКИЙ РАЙОН",
      "Id": 11944,
      "Name": "РОСТОВАНОВСКОЕ",
      "ParentId": 11935,
      "ParentName": "КУРСКИЙ РАЙОН"
    },
    {
      "AreaGroupId": 5,
      "FullName": "Ростовка, Бухар жирауский район",
      "Id": 48633,
      "Name": "Ростовка",
      "ParentId": 46394,
      "ParentName": "Бухар жирауский район"
    },
    {
      "AreaGroupId": 3,
      "FullName": "РОСТОВКА, ОМСКИЙ РАЙОН",
      "Id": 29307,
      "Name": "РОСТОВКА",
      "ParentId": 29286,
      "ParentName": "ОМСКИЙ РАЙОН"
    },
    {
      "AreaGroupId": 3,
      "FullName": "РОСТОВКА, БУГУЛЬМИНСКИЙ РАЙОН",
      "Id": 18260,
      "Name": "РОСТОВКА",
      "ParentId": 18246,
      "ParentName": "БУГУЛЬМИНСКИЙ РАЙОН"
    },
    {
      "AreaGroupId": 3,
      "FullName": "РОСТОВ-НА-ДОНУ, РОСТОВСКАЯ ОБЛАСТЬ",
      "Id": 9796,
      "Name": "РОСТОВ-НА-ДОНУ",
      "ParentId": 9795,
      "ParentName": "РОСТОВСКАЯ ОБЛАСТЬ"
    },
    {
      "AreaGroupId": 3,
      "FullName": "РОСТОВСКОЕ, ВИНОГРАДОВСКИЙ РАЙОН",
      "Id": 2679,
      "Name": "РОСТОВСКОЕ",
      "ParentId": 2673,
      "ParentName": "ВИНОГРАДОВСКИЙ РАЙОН"
    },
    {
      "AreaGroupId": 5,
      "FullName": "Ростоши, Зеленовский район",
      "Id": 48634,
      "Name": "Ростоши",
      "ParentId": 46423,
      "ParentName": "Зеленовский район"
    },
    {
      "AreaGroupId": 3,
      "FullName": "РОСТОШИ, ЭРТИЛЬСКИЙ РАЙОН",
      "Id": 15062,
      "Name": "РОСТОШИ",
      "ParentId": 15053,
      "ParentName": "ЭРТИЛЬСКИЙ РАЙОН"
    },
    {
      "AreaGroupId": 6,
      "FullName": "Большой Тростенец, Минская область",
      "Id": 53465,
      "Name": "Большой Тростенец",
      "ParentId": 52180,
      "ParentName": "Минская область"
    },
    {
      "AreaGroupId": 3,
      "FullName": "ВЕРХНИЕ РОСТАШИ, БОЛЬШЕЧЕРНИГОВСКИЙ РАЙОН",
      "Id": 21219,
      "Name": "ВЕРХНИЕ РОСТАШИ",
      "ParentId": 21203,
      "ParentName": "БОЛЬШЕЧЕРНИГОВСКИЙ РАЙОН"
    },
    {
      "AreaGroupId": 3,
      "FullName": "ДОБРОСТИ, КРЕСТЕЦКИЙ РАЙОН",
      "Id": 4583,
      "Name": "ДОБРОСТИ",
      "ParentId": 4574,
      "ParentName": "КРЕСТЕЦКИЙ РАЙОН"
    },
    {
      "AreaGroupId": 3,
      "FullName": "ЗЕРНОГРАД , Ростовская область, ЗЕРНОГРАДСКИЙ РАЙОН",
      "Id": 10616,
      "Name": "ЗЕРНОГРАД , Ростовская область",
      "ParentId": 10599,
      "ParentName": "ЗЕРНОГРАДСКИЙ РАЙОН"
    },
    {
      "AreaGroupId": 3,
      "FullName": "КОРОСТЕЛЕВО, ИРБЕЙСКИЙ РАЙОН",
      "Id": 32000,
      "Name": "КОРОСТЕЛЕВО",
      "ParentId": 31990,
      "ParentName": "ИРБЕЙСКИЙ РАЙОН"
    },
    {
      "AreaGroupId": 3,
      "FullName": "КОРОСТЕЛЕВО, БОРОВСКИЙ РАЙОН",
      "Id": 7244,
      "Name": "КОРОСТЕЛЕВО",
      "ParentId": 7235,
      "ParentName": "БОРОВСКИЙ РАЙОН"
    },
    {
      "AreaGroupId": 3,
      "FullName": "КОРОСТЕЛЕВО, СЯМЖЕНСКИЙ РАЙОН",
      "Id": 2216,
      "Name": "КОРОСТЕЛЕВО",
      "ParentId": 2210,
      "ParentName": "СЯМЖЕНСКИЙ РАЙОН"
    },
    {
      "AreaGroupId": 5,
      "FullName": "Коростели, Бородулихинский район",
      "Id": 47959,
      "Name": "Коростели",
      "ParentId": 46392,
      "ParentName": "Бородулихинский район"
    },
    {
      "AreaGroupId": 3,
      "FullName": "КОРОСТЕЛИ, НОВОСОКОЛЬНИЧЕСКИЙ РАЙОН",
      "Id": 4853,
      "Name": "КОРОСТЕЛИ",
      "ParentId": 4842,
      "ParentName": "НОВОСОКОЛЬНИЧЕСКИЙ РАЙОН"
    }
  ]
}
