{
  "Error": null,
  "Status": 2,
  "IsCourierFlexAvailable": false,
  "NewAddressId": 139446418
}
