{
  "Error": {
    "ErrorCode": "Client_Email_CheckFailed",
    "ErrorMessage": null
  },
  "Status": 1,
  "LoginEqualsEmail": null
}
