{
  "Error": null,
  "Status": 2,
  "OrderNumber": "18934603-0001",
  "Url": "http://www.ozon.ru/PartnerCheckout.aspx?partner=hellobabyapi&client=hb1&order=18934603-0001"
}
