{
  "Error": null,
  "Status": 2,
  "ItemAvailabilities": [
    {
      "Id": 1,
      "Name": "На складе",
      "Priority": 1
    },
    {
      "Id": 2,
      "Name": "Отгружается в течение двух недель (+время доставки)",
      "Priority": 4
    },
    {
      "Id": 3,
      "Name": "Отгружается в течение 3-4 недель (+время доставки)",
      "Priority": 5
    },
    {
      "Id": 4,
      "Name": "Товар отсутствует",
      "Priority": 6
    },
    {
      "Id": 5,
      "Name": "Товар отсутствует",
      "Priority": 7
    },
    {
      "Id": 6,
      "Name": "Отгружается в течение 7-10 дней (+время доставки)",
      "Priority": 3
    },
    {
      "Id": 7,
      "Name": "Отгружается в течение 2-3 дней (+время доставки)",
      "Priority": 2
    },
    {
      "Id": 8,
      "Name": "Предварительный заказ",
      "Priority": 8
    }
  ]
}
