{
  "Error": null,
  "Status": 2,
  "ClientOrderInfo": {
    "Error": null,
    "Status": 0,
    "Address": "",
    "AddressID": null,
    "AddressTail": "",
    "Addressee": "Morris Phillip",
    "Apartment": null,
    "AreaGroupId": 3,
    "AreaID": 9796,
    "City": "Ростов-На-Дону",
    "ClientAccountValue": 0,
    "Comment": null,
    "Country": "Россия",
    "District": "",
    "Email": "user@httplab.ru",
    "Entrance": null,
    "FirstName": "Phillip",
    "Floor": null,
    "House": null,
    "Intercom": null,
    "IsAddressReadOnly": true,
    "IsAddressTailReadOnly": false,
    "IsAddresseeReadOnly": false,
    "IsAssist": false,
    "IsCourierFlexAvailable": false,
    "IsNecessaryPhone": true,
    "IsOnline": false,
    "LastName": "Morris",
    "LoyaltyDeliveryDiscountAvailable": false,
    "MetroID": 0,
    "MiddleName": null,
    "Phone": null,
    "Region": "РОСТОВСКАЯ ОБЛАСТЬ",
    "RegionName": "Область",
    "ShowClientPayment": false,
    "ShowMetro": false,
    "ShowZipCode": true,
    "Street": null,
    "ZipCode": null
  },
  "MetroCollection": null
}
