{
  "Error": null,
  "Status": 2,
  "StreetInfoList": [

  ]
}
