{
  "Error": null,
  "Status": 2,
  "Url": "https://www.ozon.ru/PartnerOrder.aspx?partner=hellobabyapi&client=hb1"
}
