{
  "Error": null,
  "Status": 2,
  "CancelReasons": [
    {
      "Id": 33,
      "Name": "Изменил решение о покупке"
    },
    {
      "Id": 51,
      "Name": "Товар был заказан ошибочно"
    },
    {
      "Id": 61,
      "Name": "Не устраивают условия/сроки/стоимость доставки"
    },
    {
      "Id": 53,
      "Name": "Нет возможности изменить параметры заказа"
    },
    {
      "Id": 56,
      "Name": "Другое"
    }
  ]
}
