{
  "Error": null,
  "Status": 2,
  "OrderGuid": "7b6b8175-b563-4db9-b9e4-0a3531eef67f"
}
