{
  "Error": {
    "ErrorCode": "Client_ExistingUser_LoginFailed",
    "ErrorMessage": null
  },
  "Status": 1
}
