{
  "Error": null,
  "Status": 2,
  "Items": [
    {
      "Annotation": null,
      "Author": null,
      "Availability": null,
      "AvailabilityDate": {
        "DateTime": "<datetime>",
        "OffsetMinutes": 0
      },
      "BargainSale": false,
      "ClientRating": 0,
      "ClientRatingCount": 0,
      "Detail": null,
      "DigitalTypeId": 0,
      "Discount": 0,
      "DiscountPrice": 0,
      "Id": 33040907,
      "InSuite": 0,
      "IsNew": false,
      "IsSpecialPrice": false,
      "ItemAvailabilityId": 5,
      "ItemType": "Игра",
      "ItemTypeId": 25,
      "LookInSide": false,
      "Media": "Игра",
      "Name": "Playgo Активный центр-стол",
      "Ordered": false,
      "OtherName": null,
      "Path": "http://www.ozon.ru/multimedia/audio_cd_covers/small/1012705009.gif",
      "Price": 4433,
      "ScoreToAdd": 0,
      "Url": "http://www.ozon.ru/context/detail/id/33040907/?partner=hellobabyapi",
      "Weight": 0,
      "Year": 2015,
      "BestsellerQty": 0,
      "DescEndDate": {
        "DateTime": "<datetime>",
        "OffsetMinutes": 0
      },
      "ExemplarsCountToAddScores": 0,
      "FreeQty": 0,
      "HasScoresDiscount": false,
      "IsRecommended": false,
      "ItemDiscount": 0,
      "NewBeginDate": {
        "DateTime": "<datetime>",
        "OffsetMinutes": 180
      },
      "ScoresDiscountAmountNeeded": 0,
      "ScoresDiscountPrice": 0
    },
    {
      "Annotation": null,
      "Author": null,
      "Availability": null,
      "AvailabilityDate": {
        "DateTime": "<datetime>",
        "OffsetMinutes": 0
      },
      "BargainSale": false,
      "ClientRating": 0,
      "ClientRatingCount": 0,
      "Detail": null,
      "DigitalTypeId": 0,
      "Discount": 0,
      "DiscountPrice": 0,
      "Id": 33040908,
      "InSuite": 0,
      "IsNew": true,
      "IsSpecialPrice": false,
      "ItemAvailabilityId": 6,
      "ItemType": "Развивающие игрушки",
      "ItemTypeId": 25,
      "LookInSide": false,
      "Media": "Игра",
      "Name": "Playgo Развивающая игрушка \"Лабиринт с обезьянкой\", 40 см",
      "Ordered": false,
      "OtherName": null,
      "Path": "http://www.ozon.ru/multimedia/audio_cd_covers/small/1012705010.gif",
      "Price": 2103,
      "ScoreToAdd": 0,
      "Url": "http://www.ozon.ru/context/detail/id/33040908/?partner=hellobabyapi",
      "Weight": 0,
      "Year": 2015,
      "BestsellerQty": 1,
      "DescEndDate": {
        "DateTime": "<datetime>",
        "OffsetMinutes": 180
      },
      "ExemplarsCountToAddScores": 0,
      "FreeQty": 0,
      "HasScoresDiscount": false,
      "IsRecommended": false,
      "ItemDiscount": 0,
      "NewBeginDate": {
        "DateTime": "<datetime>",
        "OffsetMinutes": 180
      },
      "ScoresDiscountAmountNeeded": 0,
      "ScoresDiscountPrice": 0
    },
    {
      "Annotation": null,
      "Author": null,
      "Availability": null,
      "AvailabilityDate": {
        "DateTime": "<datetime>",
        "OffsetMinutes": 0
      },
      "BargainSale": false,
      "ClientRating": 0,
      "ClientRatingCount": 0,
      "Detail": null,
      "DigitalTypeId": 0,
      "Discount": 0,
      "DiscountPrice": 0,
      "Id": 33040909,
      "InSuite": 0,
      "IsNew": false,
      "IsSpecialPrice": false,
      "ItemAvailabilityId": 5,
      "ItemType": "Игра",
      "ItemTypeId": 25,
      "LookInSide": false,
      "Media": "Игра",
      "Name": "Playgo Развивающий игровой центр - трансформер",
      "Ordered": false,
      "OtherName": null,
      "Path": "http://www.ozon.ru/multimedia/audio_cd_covers/small/1012705011.gif",
      "Price": 3356,
      "ScoreToAdd": 0,
      "Url": "http://www.ozon.ru/context/detail/id/33040909/?partner=hellobabyapi",
      "Weight": 0,
      "Year": 2015,
      "BestsellerQty": 0,
      "DescEndDate": {
        "DateTime": "<datetime>",
        "OffsetMinutes": 0
      },
      "ExemplarsCountToAddScores": 0,
      "FreeQty": 0,
      "HasScoresDiscount": false,
      "IsRecommended": false,
      "ItemDiscount": 0,
      "NewBeginDate": {
        "DateTime": "<datetime>",
        "OffsetMinutes": 180
      },
      "ScoresDiscountAmountNeeded": 0,
      "ScoresDiscountPrice": 0
    }
  ],
  "TotalItems": 3
}
