{
  "Error": null,
  "Status": 2,
  "LoginEqualsEmail": true
}
